main.c:92:5:main	24	static
main.c:157:6:SystemClock_Config	88	static
main.c:202:13:MX_TIM1_Init	48	static
main.c:261:13:MX_TIM2_Init	32	static
main.c:309:13:MX_TIM10_Init	8	static
main.c:340:13:MX_TIM11_Init	8	static
main.c:371:13:MX_USART2_UART_Init	8	static
main.c:402:13:MX_DMA_Init	16	static
main.c:420:13:MX_GPIO_Init	48	static
main.c:449:6:encoderSpeedReaderCycle	16	static
main.c:470:10:micros	12	static
main.c:474:6:HAL_TIM_PeriodElapsedCallback	24	static
main.c:487:6:Error_Handler	4	static,ignoring_inline_asm
